cmd: Set pixel 0 0 to 2
cmd: 2
cmd: Set pixel 0 0 to 9
cmd: 9
cmd: 