cmd: Invalid LED.
cmd: Set pixel 0 0 to 9
cmd: Invalid brightness.
cmd: 