cmd: Set pixel 0 0 to 9
cmd: 9
cmd: Set pixel 0 0 to 0
cmd: 0
cmd: Set pixel 1 2 to 4
4
cmd: 0
cmd: 4
cmd: Set pixel 1 3 to 9
Sleep for 100 ms
Set pixel 1 3 to 0
Sleep for 100 ms
Set pixel 1 3 to 9
Sleep for 100 ms
Set pixel 1 3 to 0
Sleep for 100 ms
Set pixel 1 3 to 9
Sleep for 100 ms
Set pixel 1 3 to 0
Sleep for 100 ms
Set pixel 1 3 to 9
Sleep for 100 ms
Set pixel 1 3 to 0
Sleep for 100 ms
Set pixel 1 3 to 9
Sleep for 100 ms
Set pixel 1 3 to 0
Sleep for 100 ms
cmd: 0
cmd: 