cmd: Set pixel 0 0 to 9
cmd: Set pixel 0 1 to 9
cmd: Set pixel 0 0 to 0
cmd: 