cmd: Set pixel 0 0 to 9
cmd: Set pixel 0 0 to 0
cmd: Set pixel 4 2 to 9
cmd: 